\BOOKMARK [1][-]{section.1}{\376\377\000I\000n\000t\000r\000o\000d\000u\000c\000c\000i\000\363\000n}{}% 1
\BOOKMARK [1][-]{section.2}{\376\377\000D\000e\000s\000c\000r\000i\000p\000c\000i\000\363\000n\000\040\000d\000i\000n\000\341\000m\000i\000c\000a}{}% 2
\BOOKMARK [2][-]{subsection.2.1}{\376\377\000C\000i\000r\000c\000u\000i\000t\000o\000\040\000d\000e\000\040\000c\000o\000n\000t\000r\000o\000l}{section.2}% 3
\BOOKMARK [2][-]{subsection.2.2}{\376\377\000S\000o\000l\000e\000n\000o\000i\000d\000e}{section.2}% 4
\BOOKMARK [2][-]{subsection.2.3}{\376\377\000S\000i\000s\000t\000e\000m\000a\000\040\000h\000i\000d\000r\000\341\000u\000l\000i\000c\000o}{section.2}% 5
\BOOKMARK [1][-]{section.3}{\376\377\000A\000n\000\341\000l\000i\000s\000i\000s}{}% 6
\BOOKMARK [2][-]{subsection.3.1}{\376\377\000C\000i\000r\000c\000u\000i\000t\000o\000\040\000d\000e\000\040\000c\000o\000n\000t\000r\000o\000l}{section.3}% 7
\BOOKMARK [2][-]{subsection.3.2}{\376\377\000S\000o\000l\000e\000n\000o\000i\000d\000e}{section.3}% 8
\BOOKMARK [2][-]{subsection.3.3}{\376\377\000S\000i\000s\000t\000e\000m\000a\000\040\000h\000i\000d\000r\000\341\000u\000l\000i\000c\000o}{section.3}% 9
\BOOKMARK [1][-]{section.4}{\376\377\000D\000e\000s\000a\000r\000r\000o\000l\000l\000o\000\040\000d\000e\000\040\000l\000a\000\040\000f\000u\000n\000c\000i\000\363\000n\000\040\000d\000e\000\040\000t\000r\000a\000n\000s\000f\000e\000r\000e\000n\000c\000i\000a}{}% 10
\BOOKMARK [2][-]{subsection.4.1}{\376\377\000C\000i\000r\000c\000u\000i\000t\000o\000\040\000d\000e\000\040\000c\000o\000n\000t\000r\000o\000l}{section.4}% 11
\BOOKMARK [2][-]{subsection.4.2}{\376\377\000S\000o\000l\000e\000n\000o\000i\000d\000e}{section.4}% 12
\BOOKMARK [2][-]{subsection.4.3}{\376\377\000S\000i\000s\000t\000e\000m\000a\000\040\000h\000i\000d\000r\000\341\000u\000l\000i\000c\000o}{section.4}% 13
\BOOKMARK [2][-]{subsection.4.4}{\376\377\000S\000i\000s\000t\000e\000m\000a\000\040\000c\000o\000m\000p\000l\000e\000t\000o}{section.4}% 14
\BOOKMARK [1][-]{section.5}{\376\377\000D\000e\000s\000a\000r\000r\000o\000l\000l\000o\000\040\000d\000e\000\040\000l\000a\000\040\000f\000u\000n\000c\000i\000\363\000n\000\040\000d\000e\000\040\000t\000r\000a\000n\000s\000f\000e\000r\000e\000n\000c\000i\000a}{}% 15
\BOOKMARK [1][-]{section.6}{\376\377\000D\000e\000s\000a\000r\000r\000o\000l\000l\000o\000\040\000d\000e\000l\000\040\000e\000s\000p\000a\000c\000i\000o\000\040\000d\000e\000\040\000e\000s\000t\000a\000d\000o\000s}{}% 16
\BOOKMARK [2][-]{subsection.6.1}{\376\377\000S\000e\000l\000e\000c\000c\000i\000\363\000n\000\040\000d\000e\000\040\000v\000a\000r\000i\000a\000b\000l\000e\000s\000\040\000d\000e\000\040\000e\000s\000t\000a\000d\000o}{section.6}% 17
\BOOKMARK [2][-]{subsection.6.2}{\376\377\000E\000c\000u\000a\000c\000i\000o\000n\000e\000s\000\040\000d\000e\000\040\000e\000s\000t\000a\000d\000o}{section.6}% 18
\BOOKMARK [2][-]{subsection.6.3}{\376\377\000E\000c\000u\000a\000c\000i\000\363\000n\000\040\000d\000e\000\040\000s\000a\000l\000i\000d\000a}{section.6}% 19
\BOOKMARK [2][-]{subsection.6.4}{\376\377\000F\000o\000r\000m\000a\000\040\000m\000a\000t\000r\000i\000c\000i\000a\000l}{section.6}% 20
\BOOKMARK [1][-]{section.7}{\376\377\000D\000i\000a\000g\000r\000a\000m\000a\000\040\000f\000u\000n\000c\000i\000o\000n\000a\000l\000\040\000d\000e\000\040\000b\000l\000o\000q\000u\000e\000s}{}% 21
\BOOKMARK [1][-]{section.8}{\376\377\000A\000n\000\341\000l\000i\000s\000i\000s\000\040\000y\000\040\000V\000a\000l\000i\000d\000a\000c\000i\000\363\000n}{}% 22
\BOOKMARK [2][-]{subsection.8.1}{\376\377\000R\000e\000s\000p\000u\000e\000s\000t\000a\000\040\000a\000l\000\040\000e\000s\000c\000a\000l\000\363\000n\000:\000\040\000S\000S\000,\000\040\000T\000F\000\040\000y\000\040\000S\000i\000m\000s\000c\000a\000p\000e}{section.8}% 23
\BOOKMARK [2][-]{subsection.8.2}{\376\377\000A\000n\000\341\000l\000i\000s\000i\000s\000\040\000c\000o\000m\000p\000l\000e\000t\000o}{section.8}% 24
\BOOKMARK [2][-]{subsection.8.3}{\376\377\000E\000v\000a\000l\000u\000a\000c\000i\000\363\000n\000\040\000d\000e\000\040\000e\000s\000c\000e\000n\000a\000r\000i\000o\000s\000\040\000a\000l\000t\000e\000r\000n\000a\000t\000i\000v\000o\000s}{section.8}% 25
\BOOKMARK [1][-]{section.9}{\376\377\000C\000o\000n\000c\000l\000u\000s\000i\000o\000n\000e\000s}{}% 26
\BOOKMARK [1][-]{section.10}{\376\377\000B\000i\000o\000g\000r\000a\000f\000\355\000a\000s\000\040\000d\000e\000\040\000l\000o\000s\000\040\000a\000u\000t\000o\000r\000e\000s}{}% 27
\BOOKMARK [1][-]{IEEEbiography.0}{\376\377\000B\000i\000o\000g\000r\000a\000p\000h\000i\000e\000s}{}% 28
\BOOKMARK [2][-]{IEEEbiography.1}{\376\377\000M\000a\000t\000\355\000a\000s\000\040\000A\000.\000\040\000C\000a\000m\000a\000c\000h\000o}{IEEEbiography.0}% 29
\BOOKMARK [2][-]{IEEEbiography.2}{\376\377\000J\000u\000a\000n\000\040\000P\000.\000\040\000E\000l\000i\000z\000o\000n\000d\000o}{IEEEbiography.0}% 30
\BOOKMARK [2][-]{IEEEbiography.3}{\376\377\000S\000e\000r\000g\000i\000o\000\040\000S\000a\000l\000a\000z\000a\000r}{IEEEbiography.0}% 31
